// Jest Snapshot v1, https://goo.gl/fbAQLP

exports[`ProfileCard render ProfileCard 1`] = `
<div
  style={
    Object {
      "display": "flex",
      "flexDirection": "row",
      "marginTop": "50px",
    }
  }
>
  <div
    className="sc-bdVaJa rALGF"
  >
    <div
      className="MuiPaper-root MuiPaper-elevation1 MuiCard-root MuiPaper-rounded"
    >
      <div
        className="MuiCardMedia-root"
      >
        <img
          alt="profile_image"
          height="350"
          src="https://computerscience.johncabot.edu/mscaramastra/F2017/CS131-1/Scopece/CS130/SCOPECE%20FINAL/griffin%20photo/pet.jpg"
          width="350"
        />
      </div>
      <div
        className="MuiCardContent-root"
      >
        <p
          className="MuiTypography-root MuiTypography-body2 MuiTypography-colorTextSecondary"
        >
           
          <br />
           
          <br />
           years old
          <br />
          <br />
          <br />
          <br />
        </p>
        <button
          className="MuiButtonBase-root MuiButton-root MuiButton-outlined MuiButton-outlinedPrimary"
          disabled={false}
          focusVisible={true}
          onBlur={[Function]}
          onDragLeave={[Function]}
          onFocus={[Function]}
          onKeyDown={[Function]}
          onKeyUp={[Function]}
          onMouseDown={[Function]}
          onMouseLeave={[Function]}
          onMouseUp={[Function]}
          onTouchEnd={[Function]}
          onTouchMove={[Function]}
          onTouchStart={[Function]}
          tabIndex={0}
          type="button"
        >
          <span
            className="MuiButton-label"
          >
            Edit Profile
          </span>
        </button>
      </div>
    </div>
  </div>
  <div
    className="sc-bwzfXH cLypgM"
  >
    <div
      className="MuiPaper-root MuiPaper-elevation1 MuiCard-root MuiPaper-rounded"
    >
      <div
        className="MuiCardContent-root"
      >
        <h2
          className="MuiTypography-root MuiTypography-h2 MuiTypography-gutterBottom"
        >
          <br />
        </h2>
        <h2
          className="MuiTypography-root MuiTypography-h4 MuiTypography-gutterBottom"
        >
          Rating : 
          <br />
          <span
            className="MuiBox-root MuiBox-root-131"
          >
            <span
              aria-label="0 Stars"
              className="MuiRating-root MuiRating-readOnly"
              onMouseLeave={[Function]}
              onMouseMove={[Function]}
              role="img"
            >
              <span
                className="MuiRating-icon MuiRating-iconEmpty"
              >
                <svg
                  aria-hidden="true"
                  className="MuiSvgIcon-root MuiSvgIcon-fontSizeInherit"
                  focusable="false"
                  role="presentation"
                  viewBox="0 0 24 24"
                >
                  <path
                    d="M12 17.27L18.18 21l-1.64-7.03L22 9.24l-7.19-.61L12 2 9.19 8.63 2 9.24l5.46 4.73L5.82 21z"
                  />
                </svg>
              </span>
              <span
                className="MuiRating-icon MuiRating-iconEmpty"
              >
                <svg
                  aria-hidden="true"
                  className="MuiSvgIcon-root MuiSvgIcon-fontSizeInherit"
                  focusable="false"
                  role="presentation"
                  viewBox="0 0 24 24"
                >
                  <path
                    d="M12 17.27L18.18 21l-1.64-7.03L22 9.24l-7.19-.61L12 2 9.19 8.63 2 9.24l5.46 4.73L5.82 21z"
                  />
                </svg>
              </span>
              <span
                className="MuiRating-icon MuiRating-iconEmpty"
              >
                <svg
                  aria-hidden="true"
                  className="MuiSvgIcon-root MuiSvgIcon-fontSizeInherit"
                  focusable="false"
                  role="presentation"
                  viewBox="0 0 24 24"
                >
                  <path
                    d="M12 17.27L18.18 21l-1.64-7.03L22 9.24l-7.19-.61L12 2 9.19 8.63 2 9.24l5.46 4.73L5.82 21z"
                  />
                </svg>
              </span>
              <span
                className="MuiRating-icon MuiRating-iconEmpty"
              >
                <svg
                  aria-hidden="true"
                  className="MuiSvgIcon-root MuiSvgIcon-fontSizeInherit"
                  focusable="false"
                  role="presentation"
                  viewBox="0 0 24 24"
                >
                  <path
                    d="M12 17.27L18.18 21l-1.64-7.03L22 9.24l-7.19-.61L12 2 9.19 8.63 2 9.24l5.46 4.73L5.82 21z"
                  />
                </svg>
              </span>
              <span
                className="MuiRating-icon MuiRating-iconEmpty"
              >
                <svg
                  aria-hidden="true"
                  className="MuiSvgIcon-root MuiSvgIcon-fontSizeInherit"
                  focusable="false"
                  role="presentation"
                  viewBox="0 0 24 24"
                >
                  <path
                    d="M12 17.27L18.18 21l-1.64-7.03L22 9.24l-7.19-.61L12 2 9.19 8.63 2 9.24l5.46 4.73L5.82 21z"
                  />
                </svg>
              </span>
            </span>
          </span>
        </h2>
        <h2
          className="MuiTypography-root MuiTypography-h4 MuiTypography-gutterBottom"
        >
          Lending List
          <br />
        </h2>
        <p
          className="MuiTypography-root MuiTypography-body2 MuiTypography-colorTextSecondary"
        >
          <ul
            id="products-list"
          />
          <br />
        </p>
        <button
          className="MuiButtonBase-root MuiButton-root MuiButton-outlined MuiButton-outlinedPrimary"
          disabled={false}
          focusVisible={true}
          onBlur={[Function]}
          onDragLeave={[Function]}
          onFocus={[Function]}
          onKeyDown={[Function]}
          onKeyUp={[Function]}
          onMouseDown={[Function]}
          onMouseLeave={[Function]}
          onMouseUp={[Function]}
          onTouchEnd={[Function]}
          onTouchMove={[Function]}
          onTouchStart={[Function]}
          tabIndex={0}
          type="button"
        >
          <span
            className="MuiButton-label"
          >
            Edit Lending List
          </span>
        </button>
        <br />
        <br />
        <h2
          className="MuiTypography-root MuiTypography-h4 MuiTypography-gutterBottom"
        >
          Wishlist
          <br />
        </h2>
        <p
          className="MuiTypography-root MuiTypography-body2 MuiTypography-colorTextSecondary"
        >
          <ul
            id="wish-list"
          />
          <br />
          <button
            className="MuiButtonBase-root MuiButton-root MuiButton-outlined MuiButton-outlinedPrimary"
            disabled={false}
            focusVisible={true}
            onBlur={[Function]}
            onDragLeave={[Function]}
            onFocus={[Function]}
            onKeyDown={[Function]}
            onKeyUp={[Function]}
            onMouseDown={[Function]}
            onMouseLeave={[Function]}
            onMouseUp={[Function]}
            onTouchEnd={[Function]}
            onTouchMove={[Function]}
            onTouchStart={[Function]}
            tabIndex={0}
            type="button"
          >
            <span
              className="MuiButton-label"
            >
              Edit Wishist
            </span>
          </button>
        </p>
      </div>
    </div>
  </div>
</div>
`;
